[?7h[1;1H[10;46H[0;1;47m                       [11;46H                       [12;46H                       [13;46H                       [14;46H                       [15;46H                       [16;46H                       [17;46H                       [18;46H                       [19;46H                       [20;46H                       [21;46H                       [10;73H[40m [0m